
===============================================
RC389 COOPERATIVE ADMIN PROFILE HANDOFF AUDIT
===============================================

===============================================
FILE: js/cooperative-admin.js
===============================================

--- context around line 2 ---
1: import { auth, db } from "./firebase-config.js";
2: import { rolesMatch } from "./components/roleAuthorization.js";
3: import { buildSidebar } from "./navigation/sidebar.js";
4: 
5: import {
6:     onAuthStateChanged,
7:     signOut

--- context around line 12 ---
7:     signOut
8: } from "https://www.gstatic.com/firebasejs/12.0.0/firebase-auth.js";
9: 
10: import {
11:     doc,
12:     getDoc
13: } from "https://www.gstatic.com/firebasejs/12.0.0/firebase-firestore.js";
14: 
15: 
16: function handleDashboardHistoryReentry() {
17:     window.addEventListener("popstate", () => {

--- context around line 36 ---
31:     });
32: }
33: 
34: handleDashboardHistoryReentry();
35: 
36: const dashboardRole = "cooperative_admin";
37: 
38: onAuthStateChanged(auth, async (user) => {
39: 
40:     if (!user) {
41:         window.location.href = "login.html";

--- context around line 47 ---
42:         return;
43:     }
44: 
45:     try {
46: 
47:         const currentUser = auth.currentUser;
48: 
49:         if (!currentUser) {
50:             window.location.href = "login.html";
51:             return;
52:         }

--- context around line 54 ---
49:         if (!currentUser) {
50:             window.location.href = "login.html";
51:             return;
52:         }
53: 
54:         const userDoc = await getDoc(
55:             doc(db, "users", currentUser.uid)
56:         );
57: 
58:         if (!userDoc.exists()) {
59:             await signOut(auth);

--- context around line 58 ---
53: 
54:         const userDoc = await getDoc(
55:             doc(db, "users", currentUser.uid)
56:         );
57: 
58:         if (!userDoc.exists()) {
59:             await signOut(auth);
60:             window.location.href = "login.html";
61:             return;
62:         }
63: 

--- context around line 64 ---
59:             await signOut(auth);
60:             window.location.href = "login.html";
61:             return;
62:         }
63: 
64:         const userData = userDoc.data();
65: 
66:         const allowed =
67:             rolesMatch(
68:                 userData.role,
69:                 "cooperative_admin"

--- context around line 67 ---
62:         }
63: 
64:         const userData = userDoc.data();
65: 
66:         const allowed =
67:             rolesMatch(
68:                 userData.role,
69:                 "cooperative_admin"
70:             );
71: 
72:         if (!allowed) {

--- context around line 68 ---
63: 
64:         const userData = userDoc.data();
65: 
66:         const allowed =
67:             rolesMatch(
68:                 userData.role,
69:                 "cooperative_admin"
70:             );
71: 
72:         if (!allowed) {
73:             window.location.href =

--- context around line 74 ---
69:                 "cooperative_admin"
70:             );
71: 
72:         if (!allowed) {
73:             window.location.href =
74:                 rolesMatch(
75:                     userData.role,
76:                     "super_admin"
77:                 )
78:                     ? "super-admin.html"
79:                     : "login.html";

--- context around line 75 ---
70:             );
71: 
72:         if (!allowed) {
73:             window.location.href =
74:                 rolesMatch(
75:                     userData.role,
76:                     "super_admin"
77:                 )
78:                     ? "super-admin.html"
79:                     : "login.html";
80: 

--- context around line 85 ---
80: 
81:             return;
82:         }
83: 
84:         const name =
85:             userData.name ||
86:             userData.displayName ||
87:             user.email ||
88:             "Cooperative Administrator";
89: 
90:         const nameElement =

--- context around line 86 ---
81:             return;
82:         }
83: 
84:         const name =
85:             userData.name ||
86:             userData.displayName ||
87:             user.email ||
88:             "Cooperative Administrator";
89: 
90:         const nameElement =
91:             document.getElementById("adminName");

--- context around line 99 ---
94:             nameElement.textContent = name;
95:         }
96: 
97:         const sidebar = document.getElementById("sidebarMenu");
98:         if (sidebar) {
99:             buildSidebar("sidebarMenu", userData.role);
100:         }
101: 
102:     } catch (error) {
103: 
104:         console.error(

===============================================
FILE: js/services/drawGroupService.js
===============================================

--- context around line 6 ---
1: import { db, auth } from "../firebase-config.js";
2: 
3: import {
4:     collection,
5:     addDoc,
6:     getDocs,
7:     doc,
8:     updateDoc,
9:     getDoc,
10:     serverTimestamp
11: } from "https://www.gstatic.com/firebasejs/12.0.0/firebase-firestore.js";

--- context around line 9 ---
4:     collection,
5:     addDoc,
6:     getDocs,
7:     doc,
8:     updateDoc,
9:     getDoc,
10:     serverTimestamp
11: } from "https://www.gstatic.com/firebasejs/12.0.0/firebase-firestore.js";
12: 
13: async function getCurrentUserProfile() {
14:     const user = auth.currentUser;

--- context around line 13 ---
8:     updateDoc,
9:     getDoc,
10:     serverTimestamp
11: } from "https://www.gstatic.com/firebasejs/12.0.0/firebase-firestore.js";
12: 
13: async function getCurrentUserProfile() {
14:     const user = auth.currentUser;
15: 
16:     if (!user) {
17:         throw new Error("You must be signed in.");
18:     }

--- context around line 14 ---
9:     getDoc,
10:     serverTimestamp
11: } from "https://www.gstatic.com/firebasejs/12.0.0/firebase-firestore.js";
12: 
13: async function getCurrentUserProfile() {
14:     const user = auth.currentUser;
15: 
16:     if (!user) {
17:         throw new Error("You must be signed in.");
18:     }
19: 

--- context around line 20 ---
15: 
16:     if (!user) {
17:         throw new Error("You must be signed in.");
18:     }
19: 
20:     const profileSnap = await getDoc(
21:         doc(db, "users", user.uid)
22:     );
23: 
24:     if (!profileSnap.exists()) {
25:         throw new Error("User profile not found.");

--- context around line 24 ---
19: 
20:     const profileSnap = await getDoc(
21:         doc(db, "users", user.uid)
22:     );
23: 
24:     if (!profileSnap.exists()) {
25:         throw new Error("User profile not found.");
26:     }
27: 
28:     return profileSnap.data();
29: }

--- context around line 25 ---
20:     const profileSnap = await getDoc(
21:         doc(db, "users", user.uid)
22:     );
23: 
24:     if (!profileSnap.exists()) {
25:         throw new Error("User profile not found.");
26:     }
27: 
28:     return profileSnap.data();
29: }
30: 

--- context around line 28 ---
23: 
24:     if (!profileSnap.exists()) {
25:         throw new Error("User profile not found.");
26:     }
27: 
28:     return profileSnap.data();
29: }
30: 
31: 
32: export async function createDrawGroup(
33:     groupData

--- context around line 32 ---
27: 
28:     return profileSnap.data();
29: }
30: 
31: 
32: export async function createDrawGroup(
33:     groupData
34: ) {
35: 
36:     const profile =
37:         await getCurrentUserProfile();

--- context around line 33 ---
28:     return profileSnap.data();
29: }
30: 
31: 
32: export async function createDrawGroup(
33:     groupData
34: ) {
35: 
36:     const profile =
37:         await getCurrentUserProfile();
38: 

--- context around line 36 ---
31: 
32: export async function createDrawGroup(
33:     groupData
34: ) {
35: 
36:     const profile =
37:         await getCurrentUserProfile();
38: 
39:     if (
40:         profile.role !== "super_admin" &&
41:         profile.role !== "cooperative_admin"

--- context around line 37 ---
32: export async function createDrawGroup(
33:     groupData
34: ) {
35: 
36:     const profile =
37:         await getCurrentUserProfile();
38: 
39:     if (
40:         profile.role !== "super_admin" &&
41:         profile.role !== "cooperative_admin"
42:     ) {

--- context around line 40 ---
35: 
36:     const profile =
37:         await getCurrentUserProfile();
38: 
39:     if (
40:         profile.role !== "super_admin" &&
41:         profile.role !== "cooperative_admin"
42:     ) {
43:         throw new Error(
44:             "Only authorized administrators can create draw groups."
45:         );

--- context around line 41 ---
36:     const profile =
37:         await getCurrentUserProfile();
38: 
39:     if (
40:         profile.role !== "super_admin" &&
41:         profile.role !== "cooperative_admin"
42:     ) {
43:         throw new Error(
44:             "Only authorized administrators can create draw groups."
45:         );
46:     }

--- context around line 49 ---
44:             "Only authorized administrators can create draw groups."
45:         );
46:     }
47: 
48:     if (
49:         profile.role === "cooperative_admin" &&
50:         !profile.cooperativeId
51:     ) {
52:         throw new Error(
53:             "Cooperative administrator has no cooperative ownership."
54:         );

--- context around line 50 ---
45:         );
46:     }
47: 
48:     if (
49:         profile.role === "cooperative_admin" &&
50:         !profile.cooperativeId
51:     ) {
52:         throw new Error(
53:             "Cooperative administrator has no cooperative ownership."
54:         );
55:     }

--- context around line 57 ---
52:         throw new Error(
53:             "Cooperative administrator has no cooperative ownership."
54:         );
55:     }
56: 
57:     groupData.status =
58:         "Draft";
59: 
60:     groupData.cooperativeId =
61:         profile.role === "cooperative_admin"
62:             ? profile.cooperativeId

--- context around line 60 ---
55:     }
56: 
57:     groupData.status =
58:         "Draft";
59: 
60:     groupData.cooperativeId =
61:         profile.role === "cooperative_admin"
62:             ? profile.cooperativeId
63:             : groupData.cooperativeId ?? null;
64: 
65:     groupData.createdAt =

--- context around line 61 ---
56: 
57:     groupData.status =
58:         "Draft";
59: 
60:     groupData.cooperativeId =
61:         profile.role === "cooperative_admin"
62:             ? profile.cooperativeId
63:             : groupData.cooperativeId ?? null;
64: 
65:     groupData.createdAt =
66:         serverTimestamp();

--- context around line 62 ---
57:     groupData.status =
58:         "Draft";
59: 
60:     groupData.cooperativeId =
61:         profile.role === "cooperative_admin"
62:             ? profile.cooperativeId
63:             : groupData.cooperativeId ?? null;
64: 
65:     groupData.createdAt =
66:         serverTimestamp();
67: 

--- context around line 63 ---
58:         "Draft";
59: 
60:     groupData.cooperativeId =
61:         profile.role === "cooperative_admin"
62:             ? profile.cooperativeId
63:             : groupData.cooperativeId ?? null;
64: 
65:     groupData.createdAt =
66:         serverTimestamp();
67: 
68:     const docRef =

--- context around line 65 ---
60:     groupData.cooperativeId =
61:         profile.role === "cooperative_admin"
62:             ? profile.cooperativeId
63:             : groupData.cooperativeId ?? null;
64: 
65:     groupData.createdAt =
66:         serverTimestamp();
67: 
68:     const docRef =
69:         await addDoc(
70:             collection(

--- context around line 72 ---
67: 
68:     const docRef =
69:         await addDoc(
70:             collection(
71:                 db,
72:                 "drawGroups"
73:             ),
74:             groupData
75:         );
76: 
77:     return docRef.id;

--- context around line 74 ---
69:         await addDoc(
70:             collection(
71:                 db,
72:                 "drawGroups"
73:             ),
74:             groupData
75:         );
76: 
77:     return docRef.id;
78: }
79: 

--- context around line 80 ---
75:         );
76: 
77:     return docRef.id;
78: }
79: 
80: export async function getDrawGroups() {
81:     if (typeof status !== "string") {
82:         throw new Error(
83:             "Invalid draw group status."
84:         );
85:     }

--- context around line 93 ---
88:         throw new Error(
89:             "Invalid draw group status."
90:         );
91:     }
92: 
93:     const validDrawGroupStatuses = [
94:         "Draft"
95:     ];
96: 
97:     if (
98:         !validDrawGroupStatuses.includes(

--- context around line 98 ---
93:     const validDrawGroupStatuses = [
94:         "Draft"
95:     ];
96: 
97:     if (
98:         !validDrawGroupStatuses.includes(
99:             status.trim()
100:         )
101:     ) {
102:         throw new Error(
103:             "Invalid draw group status."

--- context around line 109 ---
104:         );
105:     }
106: 
107:     status = status.trim();
108: 
109:     const profile =
110:         await getCurrentUserProfile();
111: 
112:     const snapshot =
113:         await getDocs(
114:             collection(

--- context around line 110 ---
105:     }
106: 
107:     status = status.trim();
108: 
109:     const profile =
110:         await getCurrentUserProfile();
111: 
112:     const snapshot =
113:         await getDocs(
114:             collection(
115:                 db,

--- context around line 113 ---
108: 
109:     const profile =
110:         await getCurrentUserProfile();
111: 
112:     const snapshot =
113:         await getDocs(
114:             collection(
115:                 db,
116:                 "drawGroups"
117:             )
118:         );

--- context around line 116 ---
111: 
112:     const snapshot =
113:         await getDocs(
114:             collection(
115:                 db,
116:                 "drawGroups"
117:             )
118:         );
119: 
120:     const groups = [];
121: 

--- context around line 126 ---
121: 
122:     snapshot.forEach(doc => {
123:         const data = doc.data();
124: 
125:         if (
126:             profile.role === "cooperative_admin" &&
127:             data.cooperativeId !== profile.cooperativeId
128:         ) {
129:             return;
130:         }
131: 

--- context around line 127 ---
122:     snapshot.forEach(doc => {
123:         const data = doc.data();
124: 
125:         if (
126:             profile.role === "cooperative_admin" &&
127:             data.cooperativeId !== profile.cooperativeId
128:         ) {
129:             return;
130:         }
131: 
132:         groups.push({

--- context around line 141 ---
136:     });
137: 
138:     return groups;
139: }
140: 
141: export async function getDrawGroupById(
142:     groupId
143: ) {
144:     const profile =
145:         await getCurrentUserProfile();
146: 

--- context around line 144 ---
139: }
140: 
141: export async function getDrawGroupById(
142:     groupId
143: ) {
144:     const profile =
145:         await getCurrentUserProfile();
146: 
147:     const snapshot =
148:         await getDocs(
149:             collection(

--- context around line 145 ---
140: 
141: export async function getDrawGroupById(
142:     groupId
143: ) {
144:     const profile =
145:         await getCurrentUserProfile();
146: 
147:     const snapshot =
148:         await getDocs(
149:             collection(
150:                 db,

--- context around line 148 ---
143: ) {
144:     const profile =
145:         await getCurrentUserProfile();
146: 
147:     const snapshot =
148:         await getDocs(
149:             collection(
150:                 db,
151:                 "drawGroups"
152:             )
153:         );

--- context around line 151 ---
146: 
147:     const snapshot =
148:         await getDocs(
149:             collection(
150:                 db,
151:                 "drawGroups"
152:             )
153:         );
154: 
155:     let group = null;
156: 

--- context around line 164 ---
159:             doc.id === groupId
160:         ) {
161:             const data = doc.data();
162: 
163:             if (
164:                 profile.role === "cooperative_admin" &&
165:                 data.cooperativeId !== profile.cooperativeId
166:             ) {
167:                 return;
168:             }
169: 

--- context around line 165 ---
160:         ) {
161:             const data = doc.data();
162: 
163:             if (
164:                 profile.role === "cooperative_admin" &&
165:                 data.cooperativeId !== profile.cooperativeId
166:             ) {
167:                 return;
168:             }
169: 
170:             group = {

--- context around line 203 ---
198:         throw new Error(
199:             "Invalid draw group status."
200:         );
201:     }
202: 
203:     const validDrawGroupStatuses = [
204:         "Draft"
205:     ];
206: 
207:     if (
208:         !validDrawGroupStatuses.includes(

--- context around line 208 ---
203:     const validDrawGroupStatuses = [
204:         "Draft"
205:     ];
206: 
207:     if (
208:         !validDrawGroupStatuses.includes(
209:             status.trim()
210:         )
211:     ) {
212:         throw new Error(
213:             "Invalid draw group status."

--- context around line 221 ---
216: 
217:     status = status.trim();
218: 
219: 
220: 
221:     const profile =
222:         await getCurrentUserProfile();
223: 
224:     if (
225:         profile.role !== "super_admin" &&
226:         profile.role !== "cooperative_admin"

--- context around line 222 ---
217:     status = status.trim();
218: 
219: 
220: 
221:     const profile =
222:         await getCurrentUserProfile();
223: 
224:     if (
225:         profile.role !== "super_admin" &&
226:         profile.role !== "cooperative_admin"
227:     ) {

--- context around line 225 ---
220: 
221:     const profile =
222:         await getCurrentUserProfile();
223: 
224:     if (
225:         profile.role !== "super_admin" &&
226:         profile.role !== "cooperative_admin"
227:     ) {
228:         throw new Error(
229:             "Unauthorized: only authorized administrators can update draw group status."
230:         );

--- context around line 226 ---
221:     const profile =
222:         await getCurrentUserProfile();
223: 
224:     if (
225:         profile.role !== "super_admin" &&
226:         profile.role !== "cooperative_admin"
227:     ) {
228:         throw new Error(
229:             "Unauthorized: only authorized administrators can update draw group status."
230:         );
231:     }

--- context around line 235 ---
230:         );
231:     }
232: 
233:     const groupRef = doc(
234:         db,
235:         "drawGroups",
236:         groupId
237:     );
238: 
239:     const groupSnap =
240:         await getDoc(groupRef);

--- context around line 240 ---
235:         "drawGroups",
236:         groupId
237:     );
238: 
239:     const groupSnap =
240:         await getDoc(groupRef);
241: 
242:     if (!groupSnap.exists()) {
243:         throw new Error(
244:             "Draw group not found."
245:         );

--- context around line 248 ---
243:         throw new Error(
244:             "Draw group not found."
245:         );
246:     }
247: 
248:     const groupData =
249:         groupSnap.data();
250: 
251:     if (
252:         profile.role === "cooperative_admin" &&
253:         groupData.cooperativeId !== profile.cooperativeId

--- context around line 252 ---
247: 
248:     const groupData =
249:         groupSnap.data();
250: 
251:     if (
252:         profile.role === "cooperative_admin" &&
253:         groupData.cooperativeId !== profile.cooperativeId
254:     ) {
255:         throw new Error(
256:             "Cooperative administrator cannot update a draw group owned by another cooperative."
257:         );

--- context around line 253 ---
248:     const groupData =
249:         groupSnap.data();
250: 
251:     if (
252:         profile.role === "cooperative_admin" &&
253:         groupData.cooperativeId !== profile.cooperativeId
254:     ) {
255:         throw new Error(
256:             "Cooperative administrator cannot update a draw group owned by another cooperative."
257:         );
258:     }

--- context around line 266 ---
261: 
262:         doc(
263: 
264:             db,
265: 
266:             "drawGroups",
267: 
268:             groupId
269: 
270:         ),
271: 

===============================================
FILE: cooperative-admin.html
===============================================

--- context around line 20 ---
15: <header>
16:     <div class="logo">
17:         ABUFAUZAN TECH CMP
18:     </div>
19: 
20:     <div class="profile">
21:         <span id="adminName">
22:             Cooperative Administrator
23:         </span>
24: 
25:         <button id="logoutBtn">

===============================================
RC389 DECISION
===============================================
ESTABLISH THE EXACT VARIABLE THAT HOLDS userDoc.data() IN THE COOPERATIVE ADMIN DASHBOARD.
ESTABLISH WHETHER THAT SAME PROFILE OBJECT ALREADY CONTAINS cooperativeId.
TRACE THE EXACT HANDOFF FROM THE COOPERATIVE ADMIN DASHBOARD TO createDrawGroup().
IF cooperativeId ALREADY EXISTS IN THE AUTHORITATIVE PROFILE, REUSE THAT VALUE.
DO NOT CREATE ownerId, createdByUserId, OR ANY DUPLICATE OWNERSHIP FIELD.
DO NOT DERIVE cooperativeId FROM uid, groupId, memberId, OR adminId.
DO NOT MODIFY createDrawGroup(), cooperative-admin.js, OR FIRESTORE RULES YET.
RC389 STATUS: AUDIT ONLY — NO FILES MODIFIED.

===============================================
RC389 AUDIT COMPLETE
===============================================
