===============================================
RC395 ACTUAL COOPERATIVE OWNERSHIP PAYLOAD TRACE
===============================================

MISSING: modules/contribution-draw/group-create/script.js

===============================================
FILE: js/services/drawGroupService.js
===============================================

--- context around line 4 ---
1: import { db, auth } from "../firebase-config.js";
2: 
3: import {
4:     collection,
5:     addDoc,
6:     getDocs,
7:     doc,
8:     updateDoc,
9:     getDoc,
10:     serverTimestamp
11: } from "https://www.gstatic.com/firebasejs/12.0.0/firebase-firestore.js";
12: 

--- context around line 6 ---
1: import { db, auth } from "../firebase-config.js";
2: 
3: import {
4:     collection,
5:     addDoc,
6:     getDocs,
7:     doc,
8:     updateDoc,
9:     getDoc,
10:     serverTimestamp
11: } from "https://www.gstatic.com/firebasejs/12.0.0/firebase-firestore.js";
12: 
13: async function getCurrentUserProfile() {
14:     const user = auth.currentUser;

--- context around line 9 ---
3: import {
4:     collection,
5:     addDoc,
6:     getDocs,
7:     doc,
8:     updateDoc,
9:     getDoc,
10:     serverTimestamp
11: } from "https://www.gstatic.com/firebasejs/12.0.0/firebase-firestore.js";
12: 
13: async function getCurrentUserProfile() {
14:     const user = auth.currentUser;
15: 
16:     if (!user) {
17:         throw new Error("You must be signed in.");

--- context around line 14 ---
8:     updateDoc,
9:     getDoc,
10:     serverTimestamp
11: } from "https://www.gstatic.com/firebasejs/12.0.0/firebase-firestore.js";
12: 
13: async function getCurrentUserProfile() {
14:     const user = auth.currentUser;
15: 
16:     if (!user) {
17:         throw new Error("You must be signed in.");
18:     }
19: 
20:     const profileSnap = await getDoc(
21:         doc(db, "users", user.uid)
22:     );

--- context around line 20 ---
14:     const user = auth.currentUser;
15: 
16:     if (!user) {
17:         throw new Error("You must be signed in.");
18:     }
19: 
20:     const profileSnap = await getDoc(
21:         doc(db, "users", user.uid)
22:     );
23: 
24:     if (!profileSnap.exists()) {
25:         throw new Error("User profile not found.");
26:     }
27: 
28:     return profileSnap.data();

--- context around line 21 ---
15: 
16:     if (!user) {
17:         throw new Error("You must be signed in.");
18:     }
19: 
20:     const profileSnap = await getDoc(
21:         doc(db, "users", user.uid)
22:     );
23: 
24:     if (!profileSnap.exists()) {
25:         throw new Error("User profile not found.");
26:     }
27: 
28:     return profileSnap.data();
29: }

--- context around line 32 ---
26:     }
27: 
28:     return profileSnap.data();
29: }
30: 
31: 
32: export async function createDrawGroup(
33:     groupData
34: ) {
35: 
36:     const profile =
37:         await getCurrentUserProfile();
38: 
39:     if (
40:         profile.role !== "super_admin" &&

--- context around line 50 ---
44:             "Only authorized administrators can create draw groups."
45:         );
46:     }
47: 
48:     if (
49:         profile.role === "cooperative_admin" &&
50:         !profile.cooperativeId
51:     ) {
52:         throw new Error(
53:             "Cooperative administrator has no cooperative ownership."
54:         );
55:     }
56: 
57:     groupData.status =
58:         "Draft";

--- context around line 60 ---
54:         );
55:     }
56: 
57:     groupData.status =
58:         "Draft";
59: 
60:     groupData.cooperativeId =
61:         profile.role === "cooperative_admin"
62:             ? profile.cooperativeId
63:             : groupData.cooperativeId ?? null;
64: 
65:     groupData.createdAt =
66:         serverTimestamp();
67: 
68:     const docRef =

--- context around line 62 ---
56: 
57:     groupData.status =
58:         "Draft";
59: 
60:     groupData.cooperativeId =
61:         profile.role === "cooperative_admin"
62:             ? profile.cooperativeId
63:             : groupData.cooperativeId ?? null;
64: 
65:     groupData.createdAt =
66:         serverTimestamp();
67: 
68:     const docRef =
69:         await addDoc(
70:             collection(

--- context around line 63 ---
57:     groupData.status =
58:         "Draft";
59: 
60:     groupData.cooperativeId =
61:         profile.role === "cooperative_admin"
62:             ? profile.cooperativeId
63:             : groupData.cooperativeId ?? null;
64: 
65:     groupData.createdAt =
66:         serverTimestamp();
67: 
68:     const docRef =
69:         await addDoc(
70:             collection(
71:                 db,

--- context around line 70 ---
64: 
65:     groupData.createdAt =
66:         serverTimestamp();
67: 
68:     const docRef =
69:         await addDoc(
70:             collection(
71:                 db,
72:                 "drawGroups"
73:             ),
74:             groupData
75:         );
76: 
77:     return docRef.id;
78: }

--- context around line 72 ---
66:         serverTimestamp();
67: 
68:     const docRef =
69:         await addDoc(
70:             collection(
71:                 db,
72:                 "drawGroups"
73:             ),
74:             groupData
75:         );
76: 
77:     return docRef.id;
78: }
79: 
80: export async function getDrawGroups() {

--- context around line 80 ---
74:             groupData
75:         );
76: 
77:     return docRef.id;
78: }
79: 
80: export async function getDrawGroups() {
81:     if (typeof status !== "string") {
82:         throw new Error(
83:             "Invalid draw group status."
84:         );
85:     }
86: 
87:     if (status.trim().length === 0) {
88:         throw new Error(

--- context around line 93 ---
87:     if (status.trim().length === 0) {
88:         throw new Error(
89:             "Invalid draw group status."
90:         );
91:     }
92: 
93:     const validDrawGroupStatuses = [
94:         "Draft"
95:     ];
96: 
97:     if (
98:         !validDrawGroupStatuses.includes(
99:             status.trim()
100:         )
101:     ) {

--- context around line 98 ---
92: 
93:     const validDrawGroupStatuses = [
94:         "Draft"
95:     ];
96: 
97:     if (
98:         !validDrawGroupStatuses.includes(
99:             status.trim()
100:         )
101:     ) {
102:         throw new Error(
103:             "Invalid draw group status."
104:         );
105:     }
106: 

--- context around line 113 ---
107:     status = status.trim();
108: 
109:     const profile =
110:         await getCurrentUserProfile();
111: 
112:     const snapshot =
113:         await getDocs(
114:             collection(
115:                 db,
116:                 "drawGroups"
117:             )
118:         );
119: 
120:     const groups = [];
121: 

--- context around line 114 ---
108: 
109:     const profile =
110:         await getCurrentUserProfile();
111: 
112:     const snapshot =
113:         await getDocs(
114:             collection(
115:                 db,
116:                 "drawGroups"
117:             )
118:         );
119: 
120:     const groups = [];
121: 
122:     snapshot.forEach(doc => {

--- context around line 116 ---
110:         await getCurrentUserProfile();
111: 
112:     const snapshot =
113:         await getDocs(
114:             collection(
115:                 db,
116:                 "drawGroups"
117:             )
118:         );
119: 
120:     const groups = [];
121: 
122:     snapshot.forEach(doc => {
123:         const data = doc.data();
124: 

--- context around line 127 ---
121: 
122:     snapshot.forEach(doc => {
123:         const data = doc.data();
124: 
125:         if (
126:             profile.role === "cooperative_admin" &&
127:             data.cooperativeId !== profile.cooperativeId
128:         ) {
129:             return;
130:         }
131: 
132:         groups.push({
133:             id: doc.id,
134:             ...data
135:         });

--- context around line 148 ---
142:     groupId
143: ) {
144:     const profile =
145:         await getCurrentUserProfile();
146: 
147:     const snapshot =
148:         await getDocs(
149:             collection(
150:                 db,
151:                 "drawGroups"
152:             )
153:         );
154: 
155:     let group = null;
156: 

--- context around line 149 ---
143: ) {
144:     const profile =
145:         await getCurrentUserProfile();
146: 
147:     const snapshot =
148:         await getDocs(
149:             collection(
150:                 db,
151:                 "drawGroups"
152:             )
153:         );
154: 
155:     let group = null;
156: 
157:     snapshot.forEach(doc => {

--- context around line 151 ---
145:         await getCurrentUserProfile();
146: 
147:     const snapshot =
148:         await getDocs(
149:             collection(
150:                 db,
151:                 "drawGroups"
152:             )
153:         );
154: 
155:     let group = null;
156: 
157:     snapshot.forEach(doc => {
158:         if (
159:             doc.id === groupId

--- context around line 165 ---
159:             doc.id === groupId
160:         ) {
161:             const data = doc.data();
162: 
163:             if (
164:                 profile.role === "cooperative_admin" &&
165:                 data.cooperativeId !== profile.cooperativeId
166:             ) {
167:                 return;
168:             }
169: 
170:             group = {
171:                 id: doc.id,
172:                 ...data
173:             };

--- context around line 203 ---
197:     if (status.trim().length === 0) {
198:         throw new Error(
199:             "Invalid draw group status."
200:         );
201:     }
202: 
203:     const validDrawGroupStatuses = [
204:         "Draft"
205:     ];
206: 
207:     if (
208:         !validDrawGroupStatuses.includes(
209:             status.trim()
210:         )
211:     ) {

--- context around line 208 ---
202: 
203:     const validDrawGroupStatuses = [
204:         "Draft"
205:     ];
206: 
207:     if (
208:         !validDrawGroupStatuses.includes(
209:             status.trim()
210:         )
211:     ) {
212:         throw new Error(
213:             "Invalid draw group status."
214:         );
215:     }
216: 

--- context around line 235 ---
229:             "Unauthorized: only authorized administrators can update draw group status."
230:         );
231:     }
232: 
233:     const groupRef = doc(
234:         db,
235:         "drawGroups",
236:         groupId
237:     );
238: 
239:     const groupSnap =
240:         await getDoc(groupRef);
241: 
242:     if (!groupSnap.exists()) {
243:         throw new Error(

--- context around line 240 ---
234:         db,
235:         "drawGroups",
236:         groupId
237:     );
238: 
239:     const groupSnap =
240:         await getDoc(groupRef);
241: 
242:     if (!groupSnap.exists()) {
243:         throw new Error(
244:             "Draw group not found."
245:         );
246:     }
247: 
248:     const groupData =

--- context around line 248 ---
242:     if (!groupSnap.exists()) {
243:         throw new Error(
244:             "Draw group not found."
245:         );
246:     }
247: 
248:     const groupData =
249:         groupSnap.data();
250: 
251:     if (
252:         profile.role === "cooperative_admin" &&
253:         groupData.cooperativeId !== profile.cooperativeId
254:     ) {
255:         throw new Error(
256:             "Cooperative administrator cannot update a draw group owned by another cooperative."

--- context around line 253 ---
247: 
248:     const groupData =
249:         groupSnap.data();
250: 
251:     if (
252:         profile.role === "cooperative_admin" &&
253:         groupData.cooperativeId !== profile.cooperativeId
254:     ) {
255:         throw new Error(
256:             "Cooperative administrator cannot update a draw group owned by another cooperative."
257:         );
258:     }
259: 
260:     await updateDoc(
261: 

--- context around line 266 ---
260:     await updateDoc(
261: 
262:         doc(
263: 
264:             db,
265: 
266:             "drawGroups",
267: 
268:             groupId
269: 
270:         ),
271: 
272:         {
273: 
274:             status

===============================================
FILE: js/repositories/baseRepository.js
===============================================

--- context around line 23 ---
17: 
18:         this.adapter = adapter;
19: 
20:     }
21: 
22: 
23:     async create(data) {
24: 
25:         return await this.adapter.create(data);
26: 
27:     }
28: 
29: 
30:     async findById(id) {
31: 

--- context around line 25 ---
19: 
20:     }
21: 
22: 
23:     async create(data) {
24: 
25:         return await this.adapter.create(data);
26: 
27:     }
28: 
29: 
30:     async findById(id) {
31: 
32:         return await this.adapter.findById(id);
33: 

--- context around line 30 ---
24: 
25:         return await this.adapter.create(data);
26: 
27:     }
28: 
29: 
30:     async findById(id) {
31: 
32:         return await this.adapter.findById(id);
33: 
34:     }
35: 
36:     async findOne(criteria) {
37:         return await this.adapter.findOne(criteria);
38:     }

--- context around line 32 ---
26: 
27:     }
28: 
29: 
30:     async findById(id) {
31: 
32:         return await this.adapter.findById(id);
33: 
34:     }
35: 
36:     async findOne(criteria) {
37:         return await this.adapter.findOne(criteria);
38:     }
39: 
40: 

--- context around line 41 ---
35: 
36:     async findOne(criteria) {
37:         return await this.adapter.findOne(criteria);
38:     }
39: 
40: 
41:     async findAll() {
42: 
43:         return await this.adapter.findAll();
44: 
45:     }
46: 
47: 
48:     async update(id, data) {
49: 

--- context around line 43 ---
37:         return await this.adapter.findOne(criteria);
38:     }
39: 
40: 
41:     async findAll() {
42: 
43:         return await this.adapter.findAll();
44: 
45:     }
46: 
47: 
48:     async update(id, data) {
49: 
50:         return await this.adapter.update(id, data);
51: 

===============================================
FILE: js/repositories/memberRepository.js
===============================================

--- context around line 6 ---
1: /**
2:  * =====================================================
3:  * ABUFAUZAN TECH Cooperative Management Platform
4:  * Repository Module: RP-011
5:  *
6:  * File: memberRepository.js
7:  * Version: 2.0.0
8:  *
9:  * Adapter Based Member Repository
10:  * =====================================================
11:  */
12: 
13: import { CMPBaseRepository } from "./baseRepository.js";
14: import { CMPAdapterFactory } from "../adapters/adapterFactory.js";

--- context around line 17 ---
11:  */
12: 
13: import { CMPBaseRepository } from "./baseRepository.js";
14: import { CMPAdapterFactory } from "../adapters/adapterFactory.js";
15: 
16: 
17: export class CMPMemberRepository
18:     extends CMPBaseRepository {
19: 
20: 
21:     constructor() {
22: 
23:         super(
24:             CMPAdapterFactory.firebase("members")
25:         );

===============================================
FILE: js/repositories/contributionRepository.js
===============================================

--- context around line 6 ---
1: /**
2:  * =====================================================
3:  * ABUFAUZAN TECH Cooperative Management Platform
4:  * Repository Module: RP-003
5:  *
6:  * File: contributionRepository.js
7:  * Version: 2.0.0
8:  *
9:  * Adapter Based Contribution Repository
10:  * =====================================================
11:  */
12: 
13: import { CMPBaseRepository } from "./baseRepository.js";
14: import { CMPAdapterFactory } from "../adapters/adapterFactory.js";

--- context around line 17 ---
11:  */
12: 
13: import { CMPBaseRepository } from "./baseRepository.js";
14: import { CMPAdapterFactory } from "../adapters/adapterFactory.js";
15: 
16: 
17: export class CMPContributionRepository
18:     extends CMPBaseRepository {
19: 
20: 
21:     constructor() {
22: 
23:         super(
24:             CMPAdapterFactory.firebase("contributions")
25:         );

===============================================
FILE: js/cooperative-admin.js
===============================================

--- context around line 12 ---
6:     onAuthStateChanged,
7:     signOut
8: } from "https://www.gstatic.com/firebasejs/12.0.0/firebase-auth.js";
9: 
10: import {
11:     doc,
12:     getDoc
13: } from "https://www.gstatic.com/firebasejs/12.0.0/firebase-firestore.js";
14: 
15: 
16: function handleDashboardHistoryReentry() {
17:     window.addEventListener("popstate", () => {
18:         window.location.reload();
19:     });
20: 

--- context around line 47 ---
41:         window.location.href = "login.html";
42:         return;
43:     }
44: 
45:     try {
46: 
47:         const currentUser = auth.currentUser;
48: 
49:         if (!currentUser) {
50:             window.location.href = "login.html";
51:             return;
52:         }
53: 
54:         const userDoc = await getDoc(
55:             doc(db, "users", currentUser.uid)

--- context around line 54 ---
48: 
49:         if (!currentUser) {
50:             window.location.href = "login.html";
51:             return;
52:         }
53: 
54:         const userDoc = await getDoc(
55:             doc(db, "users", currentUser.uid)
56:         );
57: 
58:         if (!userDoc.exists()) {
59:             await signOut(auth);
60:             window.location.href = "login.html";
61:             return;
62:         }

--- context around line 55 ---
49:         if (!currentUser) {
50:             window.location.href = "login.html";
51:             return;
52:         }
53: 
54:         const userDoc = await getDoc(
55:             doc(db, "users", currentUser.uid)
56:         );
57: 
58:         if (!userDoc.exists()) {
59:             await signOut(auth);
60:             window.location.href = "login.html";
61:             return;
62:         }
63: 

===============================================
RC395 DECISION CHECKS
===============================================

1. EXACT PAYLOAD:
   What exact object is passed to createDrawGroup()?

2. COOPERATIVE ID:
   Is cooperativeId actually present in that object?

3. SOURCE:
   If cooperativeId exists, where exactly does it come from?

4. CLIENT OVERRIDE:
   Can the group-create page supply an arbitrary cooperativeId?

5. SERVICE:
   Does drawGroupService validate or merely persist the supplied object?

6. READ ISOLATION:
   Can getDrawGroups() return groups belonging to other cooperatives?

7. SINGLE-GROUP ISOLATION:
   Can getDrawGroupById() retrieve another cooperative's group?

8. REPOSITORY BOUNDARY:
   Do BaseRepository / MemberRepository / ContributionRepository enforce cooperative ownership?

9. DUPLICATE OWNERSHIP:
   Confirm no ownerId, createdByUserId, adminId, or equivalent duplicate field is needed.

RC395 STATUS: AUDIT ONLY — NO APPLICATION FILES MODIFIED.
===============================================
RC395 AUDIT COMPLETE
===============================================
